id:{1};compId:{1};racerId{1};r:{A};r:{N};r:{N};r:{N};r:{A}
id:{2};compId:{1};racerId{2};r:{A};r:{A};r:{A};r:{A};r:{A}
id:{3};compId:{1};racerId{3};r:{A};r:{N};r:{A};r:{N};r:{A}
id:{4};compId:{1};racerId{4};r:{A};r:{A};r:{N};r:{A};r:{A}
id:{5};compId:{1};racerId{5};r:{A};r:{N};r:{N};r:{N};r:{N}
id:{6};compId:{1};racerId{6};r:{A};r:{N};r:{A};r:{A};r:{N}
id:{7};compId:{1};racerId{7};r:{A};r:{N};r:{N};r:{N};r:{N}
id:{8};compId:{1};racerId{8};r:{N};r:{N};r:{N};r:{N};r:{N}
id:{9};compId:{1};racerId{9};r:{N};r:{N};r:{N};r:{A};r:{A}
id:{10};compId:{1};racerId{10};r:{A};r:{A};r:{A};r:{A};r:{N}
id:{11};compId:{1};racerId{12};r:{A};r:{A};r:{A};r:{A};r:{N}
id:{12};compId:{2};racerId{4};r:{N};r:{A};r:{A};r:{A};r:{N};r:{A};r:{N}
id:{13};compId:{2};racerId{6};r:{N};r:{A};r:{N};r:{A};r:{N};r:{A};r:{N}
id:{14};compId:{2};racerId{7};r:{N};r:{A};r:{A};r:{N};r:{N};r:{A};r:{N}
id:{15};compId:{2};racerId{9};r:{N};r:{A};r:{N};r:{A};r:{N};r:{N};r:{A}
id:{16};compId:{2};racerId{10};r:{A};r:{A};r:{N};r:{A};r:{N};r:{N};r:{N}
id:{17};compId:{2};racerId{11};r:{A};r:{N};r:{A};r:{A};r:{A};r:{N};r:{A}
id:{18};compId:{2};racerId{12};r:{A};r:{A};r:{N};r:{A};r:{A};r:{N};r:{A}
id:{19};compId:{2};racerId{1};r:{A};r:{A};r:{A};r:{A};r:{N};r:{N};r:{N}
id:{20};compId:{2};racerId{2};r:{A};r:{A};r:{A};r:{A};r:{N};r:{N};r:{N}
id:{21};compId:{2};racerId{3};r:{A};r:{A};r:{A};r:{A};r:{N};r:{N};r:{N}
id:{22};compId:{3};racerId{12};r:{A};r:{A};r:{A}
id:{23};compId:{3};racerId{13};r:{A};r:{N};r:{A}
id:{24};compId:{3};racerId{14};r:{N};r:{N};r:{A}
id:{25};compId:{3};racerId{15};r:{A};r:{N};r:{A}
id:{26};compId:{3};racerId{16};r:{N};r:{N};r:{N}
